// Jest Snapshot v1, https://goo.gl/fbAQLP

exports[`<GridImage /> should render 1`] = `
.c0 {
  background: #FFFFFF;
  color: #0A1128;
  background: #FFFFFF;
  color: #0A1128;
  min-height: 100vh;
  display: -webkit-box;
  display: -webkit-flex;
  display: -ms-flexbox;
  display: flex;
  -webkit-align-items: center;
  -webkit-box-align: center;
  -ms-flex-align: center;
  align-items: center;
}

.c3 {
  color: inherit;
  font-size: 6.4rem;
  text-transform: uppercase;
}

.c5 {
  font-size: 2.4rem;
}

.c2 > .c4 {
  margin-bottom: 6.4rem;
}

.c6 {
  display: grid;
  grid-template-columns: repeat(auto-fill,minmax(280px,1fr));
  gap: 3.2rem;
}

.c7 {
  overflow: hidden;
}

.c8 {
  width: 100%;
  -webkit-transition: all 300ms ease-in-out;
  transition: all 300ms ease-in-out;
}

.c8:hover {
  -webkit-transform: scale(1.2) rotate(10deg);
  -ms-transform: scale(1.2) rotate(10deg);
  transform: scale(1.2) rotate(10deg);
}

.c1 {
  max-width: 120rem;
  margin: 0 auto;
  padding: 3.2rem;
  width: 100%;
}

@media (max-width:768px) {
  .c3 {
    font-size: 4.0rem;
  }
}

@media (max-width:768px) {
  .c6 {
    grid-template-columns: 1fr;
  }
}

<div>
  <div
    class="c0"
    color="navy"
    id=""
  >
    <div
      class="c1"
    >
      <div
        class="c2"
      >
        <h2
          class="c3"
        >
          My grid
        </h2>
        <p
          class="c4 c5"
        >
          Atue doloribus nobis laudantium esse ut, non commodi maxime distinctio veritatis unde
        </p>
        <div
          class="c6"
        >
          <div
            class="c7"
          >
            <img
              alt="Teste 1"
              class="c8"
              src="https://images.unsplash.com/photo-1643833728695-b3923431306d?crop=entropy&cs=tinysrgb&fit=crop&fm=jpg&h=800&ixid=MnwxfDB8MXxyYW5kb218MHx8fHx8fHx8MTY0NTIwMDY2Ng&ixlib=rb-1.2.1&q=80&w=800"
            />
          </div>
          <div
            class="c7"
          >
            <img
              alt="Teste 2"
              class="c8"
              src="https://images.unsplash.com/photo-1644027616320-b378fc57f78e?crop=entropy&cs=tinysrgb&fit=crop&fm=jpg&h=800&ixid=MnwxfDB8MXxyYW5kb218MHx8fHx8fHx8MTY0NTIwMDcxOQ&ixlib=rb-1.2.1&q=80&w=800"
            />
          </div>
          <div
            class="c7"
          >
            <img
              alt="Teste 3"
              class="c8"
              src="https://images.unsplash.com/photo-1643407997122-86f5534dcbd8?crop=entropy&cs=tinysrgb&fit=crop&fm=jpg&h=800&ixid=MnwxfDB8MXxyYW5kb218MHx8fHx8fHx8MTY0NTIwMDc0Ng&ixlib=rb-1.2.1&q=80&w=800"
            />
          </div>
          <div
            class="c7"
          >
            <img
              alt="Teste 4"
              class="c8"
              src="https://images.unsplash.com/photo-1644131575146-2312c50c97e9?crop=entropy&cs=tinysrgb&fit=crop&fm=jpg&h=800&ixid=MnwxfDB8MXxyYW5kb218MHx8fHx8fHx8MTY0NTIwMDc3OQ&ixlib=rb-1.2.1&q=80&w=800"
            />
          </div>
          <div
            class="c7"
          >
            <img
              alt="Teste 5"
              class="c8"
              src="https://images.unsplash.com/photo-1643205942704-b6bb6d3115f1?crop=entropy&cs=tinysrgb&fit=crop&fm=jpg&h=800&ixid=MnwxfDB8MXxyYW5kb218MHx8fHx8fHx8MTY0NTIwMDc5NQ&ixlib=rb-1.2.1&q=80&w=800"
            />
          </div>
          <div
            class="c7"
          >
            <img
              alt="Teste 6"
              class="c8"
              src="https://images.unsplash.com/photo-1640597995884-57667d173ccf?crop=entropy&cs=tinysrgb&fit=crop&fm=jpg&h=800&ixid=MnwxfDB8MXxyYW5kb218MHx8fHx8fHx8MTY0NTIwMDgwOQ&ixlib=rb-1.2.1&q=80&w=800"
            />
          </div>
        </div>
      </div>
    </div>
  </div>
</div>
`;

exports[`<GridImage /> should render without background and text color 1`] = `
.c0 {
  background: #FFFFFF;
  color: #0A1128;
  background: #FFFFFF;
  color: #0A1128;
  min-height: 100vh;
  display: -webkit-box;
  display: -webkit-flex;
  display: -ms-flexbox;
  display: flex;
  -webkit-align-items: center;
  -webkit-box-align: center;
  -ms-flex-align: center;
  align-items: center;
}

.c3 {
  color: inherit;
  font-size: 6.4rem;
  text-transform: uppercase;
}

.c5 {
  font-size: 2.4rem;
}

.c2 > .c4 {
  margin-bottom: 6.4rem;
}

.c6 {
  display: grid;
  grid-template-columns: repeat(auto-fill,minmax(280px,1fr));
  gap: 3.2rem;
}

.c7 {
  overflow: hidden;
}

.c8 {
  width: 100%;
  -webkit-transition: all 300ms ease-in-out;
  transition: all 300ms ease-in-out;
}

.c8:hover {
  -webkit-transform: scale(1.2) rotate(10deg);
  -ms-transform: scale(1.2) rotate(10deg);
  transform: scale(1.2) rotate(10deg);
}

.c1 {
  max-width: 120rem;
  margin: 0 auto;
  padding: 3.2rem;
  width: 100%;
}

@media (max-width:768px) {
  .c3 {
    font-size: 4.0rem;
  }
}

@media (max-width:768px) {
  .c6 {
    grid-template-columns: 1fr;
  }
}

<div>
  <div
    class="c0"
    color="navy"
    id=""
  >
    <div
      class="c1"
    >
      <div
        class="c2"
      >
        <h2
          class="c3"
        >
          My grid
        </h2>
        <p
          class="c4 c5"
        >
          Atue doloribus nobis laudantium esse ut, non commodi maxime distinctio veritatis unde
        </p>
        <div
          class="c6"
        >
          <div
            class="c7"
          >
            <img
              alt="Teste 1"
              class="c8"
              src="https://images.unsplash.com/photo-1643833728695-b3923431306d?crop=entropy&cs=tinysrgb&fit=crop&fm=jpg&h=800&ixid=MnwxfDB8MXxyYW5kb218MHx8fHx8fHx8MTY0NTIwMDY2Ng&ixlib=rb-1.2.1&q=80&w=800"
            />
          </div>
          <div
            class="c7"
          >
            <img
              alt="Teste 2"
              class="c8"
              src="https://images.unsplash.com/photo-1644027616320-b378fc57f78e?crop=entropy&cs=tinysrgb&fit=crop&fm=jpg&h=800&ixid=MnwxfDB8MXxyYW5kb218MHx8fHx8fHx8MTY0NTIwMDcxOQ&ixlib=rb-1.2.1&q=80&w=800"
            />
          </div>
          <div
            class="c7"
          >
            <img
              alt="Teste 3"
              class="c8"
              src="https://images.unsplash.com/photo-1643407997122-86f5534dcbd8?crop=entropy&cs=tinysrgb&fit=crop&fm=jpg&h=800&ixid=MnwxfDB8MXxyYW5kb218MHx8fHx8fHx8MTY0NTIwMDc0Ng&ixlib=rb-1.2.1&q=80&w=800"
            />
          </div>
          <div
            class="c7"
          >
            <img
              alt="Teste 4"
              class="c8"
              src="https://images.unsplash.com/photo-1644131575146-2312c50c97e9?crop=entropy&cs=tinysrgb&fit=crop&fm=jpg&h=800&ixid=MnwxfDB8MXxyYW5kb218MHx8fHx8fHx8MTY0NTIwMDc3OQ&ixlib=rb-1.2.1&q=80&w=800"
            />
          </div>
          <div
            class="c7"
          >
            <img
              alt="Teste 5"
              class="c8"
              src="https://images.unsplash.com/photo-1643205942704-b6bb6d3115f1?crop=entropy&cs=tinysrgb&fit=crop&fm=jpg&h=800&ixid=MnwxfDB8MXxyYW5kb218MHx8fHx8fHx8MTY0NTIwMDc5NQ&ixlib=rb-1.2.1&q=80&w=800"
            />
          </div>
          <div
            class="c7"
          >
            <img
              alt="Teste 6"
              class="c8"
              src="https://images.unsplash.com/photo-1640597995884-57667d173ccf?crop=entropy&cs=tinysrgb&fit=crop&fm=jpg&h=800&ixid=MnwxfDB8MXxyYW5kb218MHx8fHx8fHx8MTY0NTIwMDgwOQ&ixlib=rb-1.2.1&q=80&w=800"
            />
          </div>
        </div>
      </div>
    </div>
  </div>
</div>
`;
