// Jest Snapshot v1, https://goo.gl/fbAQLP

exports[`<Carrousel /> should render 1`] = `
.c5 {
  font-size: 2.4rem;
}

.c2 > .c4 {
  margin-bottom: 6.4rem;
}

.c9 {
  overflow: hidden;
  width: 61.75%;
  height: 50rem;
  white-space: nowrap;
  position: relative;
  left: 19.3%;
  padding: 0;
}

.c10 {
  display: -webkit-box;
  display: -webkit-flex;
  display: -ms-flexbox;
  display: flex;
  -webkit-flex-direction: column;
  -ms-flex-direction: column;
  flex-direction: column;
  overflow: hidden;
  width: 100%;
  -webkit-box-pack: center;
  -webkit-justify-content: center;
  -ms-flex-pack: center;
  justify-content: center;
  -webkit-align-items: center;
  -webkit-box-align: center;
  -ms-flex-align: center;
  align-items: center;
  overflow: hidden;
  opacity: 0;
  visibility: hidden;
  position: absolute;
  -webkit-transition: all 300ms linear;
  transition: all 300ms linear;
}

.c10:nth-of-type(1) {
  visibility: visible;
  opacity: 1;
  position: static;
  border: none;
}

.c11 {
  width: 100%;
  -webkit-transition: all 300ms ease-in-out;
  transition: all 300ms ease-in-out;
}

.c11:hover {
  -webkit-transform: scale(1.2) rotate(10deg);
  -ms-transform: scale(1.2) rotate(10deg);
  transform: scale(1.2) rotate(10deg);
}

.c8 {
  z-index: 4;
  width: 4rem;
  height: 4rem;
  background: #0A1128;
  color: #FFFFFF;
  border: 0.1rem solid #DDDDDD;
  opacity: 75%;
  position: absolute;
  top: 52rem;
  left: 12%;
}

.c8 > svg {
  width: 2.5rem;
  height: 2.5rem;
}

.c6 {
  z-index: 4;
  width: 4rem;
  height: 4rem;
  background: #0A1128;
  color: #FFFFFF;
  border: 0.1rem solid #DDDDDD;
  opacity: 75%;
  position: absolute;
  top: 52rem;
  right: 12%;
}

.c6 > svg {
  width: 2.5rem;
  height: 2.5rem;
}

.c1 {
  max-width: 120rem;
  margin: 0 auto;
  padding: 3.2rem;
  width: 100%;
}

.c0 {
  background: #FFFFFF;
  color: #0A1128;
  background: #FFFFFF;
  color: #0A1128;
  min-height: 100vh;
  display: -webkit-box;
  display: -webkit-flex;
  display: -ms-flexbox;
  display: flex;
  -webkit-align-items: center;
  -webkit-box-align: center;
  -ms-flex-align: center;
  align-items: center;
}

.c3 {
  color: inherit;
  font-size: 6.4rem;
  text-transform: uppercase;
}

.c7 {
  display: inline-block;
  vertical-align: middle;
  overflow: hidden;
}

@media (max-width:768px) {
  .c9 {
    width: 100%;
    left: 0%;
  }
}

@media (max-width:768px) {
  .c3 {
    font-size: 4.0rem;
  }
}

<div>
  <div
    class="c0"
    color="navy"
    id=""
  >
    <div
      class="c1"
    >
      <div
        class="c2"
      >
        <h2
          class="c3"
        >
          My grid
        </h2>
        <p
          class="c4 c5"
        >
          Atue doloribus nobis laudantium esse ut, non commodi maxime distinctio veritatis unde
        </p>
        <button
          aria-label="Next Image"
          class="c6"
        >
          <svg
            aria-hidden="true"
            class="c7"
            fill="currentColor"
            focusable="false"
            viewBox="0 0 24 24"
            xmlns="http://www.w3.org/2000/svg"
          >
            <path
              d="M0 0h24v24H0V0z"
              fill="none"
            />
            <path
              d="M10 6L8.59 7.41 13.17 12l-4.58 4.59L10 18l6-6-6-6z"
            />
          </svg>
        </button>
        <button
          aria-label="Past Image"
          class="c8"
        >
          <svg
            aria-hidden="true"
            class="c7"
            fill="currentColor"
            focusable="false"
            viewBox="0 0 24 24"
            xmlns="http://www.w3.org/2000/svg"
          >
            <path
              d="M0 0h24v24H0V0z"
              fill="none"
            />
            <path
              d="M15.41 7.41L14 6l-6 6 6 6 1.41-1.41L10.83 12l4.58-4.59z"
            />
          </svg>
        </button>
        <div
          class="c9"
        >
          <div
            class="c10"
          >
            <img
              alt="Teste 1"
              class="c11"
              id="Teste 1"
              src="https://images.unsplash.com/photo-1643833728695-b3923431306d?crop=entropy&cs=tinysrgb&fit=crop&fm=jpg&h=800&ixid=MnwxfDB8MXxyYW5kb218MHx8fHx8fHx8MTY0NTIwMDY2Ng&ixlib=rb-1.2.1&q=80&w=800"
            />
          </div>
          <div
            class="c10"
          >
            <img
              alt="Teste 2"
              class="c11"
              id="Teste 2"
              src="https://images.unsplash.com/photo-1644027616320-b378fc57f78e?crop=entropy&cs=tinysrgb&fit=crop&fm=jpg&h=800&ixid=MnwxfDB8MXxyYW5kb218MHx8fHx8fHx8MTY0NTIwMDcxOQ&ixlib=rb-1.2.1&q=80&w=800"
            />
          </div>
          <div
            class="c10"
          >
            <img
              alt="Teste 3"
              class="c11"
              id="Teste 3"
              src="https://images.unsplash.com/photo-1643407997122-86f5534dcbd8?crop=entropy&cs=tinysrgb&fit=crop&fm=jpg&h=800&ixid=MnwxfDB8MXxyYW5kb218MHx8fHx8fHx8MTY0NTIwMDc0Ng&ixlib=rb-1.2.1&q=80&w=800"
            />
          </div>
          <div
            class="c10"
          >
            <img
              alt="Teste 4"
              class="c11"
              id="Teste 4"
              src="https://images.unsplash.com/photo-1644131575146-2312c50c97e9?crop=entropy&cs=tinysrgb&fit=crop&fm=jpg&h=800&ixid=MnwxfDB8MXxyYW5kb218MHx8fHx8fHx8MTY0NTIwMDc3OQ&ixlib=rb-1.2.1&q=80&w=800"
            />
          </div>
        </div>
      </div>
    </div>
  </div>
</div>
`;

exports[`<Carrousel /> should render next and past image btns 1`] = `
.c5 {
  font-size: 2.4rem;
}

.c2 > .c4 {
  margin-bottom: 6.4rem;
}

.c9 {
  overflow: hidden;
  width: 61.75%;
  height: 50rem;
  white-space: nowrap;
  position: relative;
  left: 19.3%;
  padding: 0;
}

.c10 {
  display: -webkit-box;
  display: -webkit-flex;
  display: -ms-flexbox;
  display: flex;
  -webkit-flex-direction: column;
  -ms-flex-direction: column;
  flex-direction: column;
  overflow: hidden;
  width: 100%;
  -webkit-box-pack: center;
  -webkit-justify-content: center;
  -ms-flex-pack: center;
  justify-content: center;
  -webkit-align-items: center;
  -webkit-box-align: center;
  -ms-flex-align: center;
  align-items: center;
  overflow: hidden;
  opacity: 0;
  visibility: hidden;
  position: absolute;
  -webkit-transition: all 300ms linear;
  transition: all 300ms linear;
}

.c10:nth-of-type(1) {
  visibility: visible;
  opacity: 1;
  position: static;
  border: none;
}

.c11 {
  width: 100%;
  -webkit-transition: all 300ms ease-in-out;
  transition: all 300ms ease-in-out;
}

.c11:hover {
  -webkit-transform: scale(1.2) rotate(10deg);
  -ms-transform: scale(1.2) rotate(10deg);
  transform: scale(1.2) rotate(10deg);
}

.c8 {
  z-index: 4;
  width: 4rem;
  height: 4rem;
  background: #0A1128;
  color: #FFFFFF;
  border: 0.1rem solid #DDDDDD;
  opacity: 75%;
  position: absolute;
  top: 52rem;
  left: 12%;
}

.c8 > svg {
  width: 2.5rem;
  height: 2.5rem;
}

.c6 {
  z-index: 4;
  width: 4rem;
  height: 4rem;
  background: #0A1128;
  color: #FFFFFF;
  border: 0.1rem solid #DDDDDD;
  opacity: 75%;
  position: absolute;
  top: 52rem;
  right: 12%;
}

.c6 > svg {
  width: 2.5rem;
  height: 2.5rem;
}

.c1 {
  max-width: 120rem;
  margin: 0 auto;
  padding: 3.2rem;
  width: 100%;
}

.c0 {
  background: #FFFFFF;
  color: #0A1128;
  background: #FFFFFF;
  color: #0A1128;
  min-height: 100vh;
  display: -webkit-box;
  display: -webkit-flex;
  display: -ms-flexbox;
  display: flex;
  -webkit-align-items: center;
  -webkit-box-align: center;
  -ms-flex-align: center;
  align-items: center;
}

.c3 {
  color: inherit;
  font-size: 6.4rem;
  text-transform: uppercase;
}

.c7 {
  display: inline-block;
  vertical-align: middle;
  overflow: hidden;
}

@media (max-width:768px) {
  .c9 {
    width: 100%;
    left: 0%;
  }
}

@media (max-width:768px) {
  .c3 {
    font-size: 4.0rem;
  }
}

<div>
  <div
    class="c0"
    color="navy"
    id=""
  >
    <div
      class="c1"
    >
      <div
        class="c2"
      >
        <h2
          class="c3"
        >
          My grid
        </h2>
        <p
          class="c4 c5"
        >
          Atue doloribus nobis laudantium esse ut, non commodi maxime distinctio veritatis unde
        </p>
        <button
          aria-label="Next Image"
          class="c6"
        >
          <svg
            aria-hidden="true"
            class="c7"
            fill="currentColor"
            focusable="false"
            viewBox="0 0 24 24"
            xmlns="http://www.w3.org/2000/svg"
          >
            <path
              d="M0 0h24v24H0V0z"
              fill="none"
            />
            <path
              d="M10 6L8.59 7.41 13.17 12l-4.58 4.59L10 18l6-6-6-6z"
            />
          </svg>
        </button>
        <button
          aria-label="Past Image"
          class="c8"
        >
          <svg
            aria-hidden="true"
            class="c7"
            fill="currentColor"
            focusable="false"
            viewBox="0 0 24 24"
            xmlns="http://www.w3.org/2000/svg"
          >
            <path
              d="M0 0h24v24H0V0z"
              fill="none"
            />
            <path
              d="M15.41 7.41L14 6l-6 6 6 6 1.41-1.41L10.83 12l4.58-4.59z"
            />
          </svg>
        </button>
        <div
          class="c9"
        >
          <div
            class="c10"
          >
            <img
              alt="Teste 1"
              class="c11"
              id="Teste 1"
              src="https://images.unsplash.com/photo-1643833728695-b3923431306d?crop=entropy&cs=tinysrgb&fit=crop&fm=jpg&h=800&ixid=MnwxfDB8MXxyYW5kb218MHx8fHx8fHx8MTY0NTIwMDY2Ng&ixlib=rb-1.2.1&q=80&w=800"
            />
          </div>
          <div
            class="c10"
          >
            <img
              alt="Teste 2"
              class="c11"
              id="Teste 2"
              src="https://images.unsplash.com/photo-1644027616320-b378fc57f78e?crop=entropy&cs=tinysrgb&fit=crop&fm=jpg&h=800&ixid=MnwxfDB8MXxyYW5kb218MHx8fHx8fHx8MTY0NTIwMDcxOQ&ixlib=rb-1.2.1&q=80&w=800"
            />
          </div>
          <div
            class="c10"
          >
            <img
              alt="Teste 3"
              class="c11"
              id="Teste 3"
              src="https://images.unsplash.com/photo-1643407997122-86f5534dcbd8?crop=entropy&cs=tinysrgb&fit=crop&fm=jpg&h=800&ixid=MnwxfDB8MXxyYW5kb218MHx8fHx8fHx8MTY0NTIwMDc0Ng&ixlib=rb-1.2.1&q=80&w=800"
            />
          </div>
          <div
            class="c10"
          >
            <img
              alt="Teste 4"
              class="c11"
              id="Teste 4"
              src="https://images.unsplash.com/photo-1644131575146-2312c50c97e9?crop=entropy&cs=tinysrgb&fit=crop&fm=jpg&h=800&ixid=MnwxfDB8MXxyYW5kb218MHx8fHx8fHx8MTY0NTIwMDc3OQ&ixlib=rb-1.2.1&q=80&w=800"
            />
          </div>
        </div>
      </div>
    </div>
  </div>
</div>
`;

exports[`<Carrousel /> should render next and past image btns 2`] = `
.c5 {
  font-size: 2.4rem;
}

.c2 > .c4 {
  margin-bottom: 6.4rem;
}

.c9 {
  overflow: hidden;
  width: 61.75%;
  height: 50rem;
  white-space: nowrap;
  position: relative;
  left: 19.3%;
  padding: 0;
}

.c10 {
  display: -webkit-box;
  display: -webkit-flex;
  display: -ms-flexbox;
  display: flex;
  -webkit-flex-direction: column;
  -ms-flex-direction: column;
  flex-direction: column;
  overflow: hidden;
  width: 100%;
  -webkit-box-pack: center;
  -webkit-justify-content: center;
  -ms-flex-pack: center;
  justify-content: center;
  -webkit-align-items: center;
  -webkit-box-align: center;
  -ms-flex-align: center;
  align-items: center;
  overflow: hidden;
  opacity: 0;
  visibility: hidden;
  position: absolute;
  -webkit-transition: all 300ms linear;
  transition: all 300ms linear;
}

.c10:nth-of-type(1) {
  visibility: visible;
  opacity: 1;
  position: static;
  border: none;
}

.c11 {
  width: 100%;
  -webkit-transition: all 300ms ease-in-out;
  transition: all 300ms ease-in-out;
}

.c11:hover {
  -webkit-transform: scale(1.2) rotate(10deg);
  -ms-transform: scale(1.2) rotate(10deg);
  transform: scale(1.2) rotate(10deg);
}

.c8 {
  z-index: 4;
  width: 4rem;
  height: 4rem;
  background: #0A1128;
  color: #FFFFFF;
  border: 0.1rem solid #DDDDDD;
  opacity: 75%;
  position: absolute;
  top: 52rem;
  left: 12%;
}

.c8 > svg {
  width: 2.5rem;
  height: 2.5rem;
}

.c6 {
  z-index: 4;
  width: 4rem;
  height: 4rem;
  background: #0A1128;
  color: #FFFFFF;
  border: 0.1rem solid #DDDDDD;
  opacity: 75%;
  position: absolute;
  top: 52rem;
  right: 12%;
}

.c6 > svg {
  width: 2.5rem;
  height: 2.5rem;
}

.c1 {
  max-width: 120rem;
  margin: 0 auto;
  padding: 3.2rem;
  width: 100%;
}

.c0 {
  background: #FFFFFF;
  color: #0A1128;
  background: #FFFFFF;
  color: #0A1128;
  min-height: 100vh;
  display: -webkit-box;
  display: -webkit-flex;
  display: -ms-flexbox;
  display: flex;
  -webkit-align-items: center;
  -webkit-box-align: center;
  -ms-flex-align: center;
  align-items: center;
}

.c3 {
  color: inherit;
  font-size: 6.4rem;
  text-transform: uppercase;
}

.c7 {
  display: inline-block;
  vertical-align: middle;
  overflow: hidden;
}

@media (max-width:768px) {
  .c9 {
    width: 100%;
    left: 0%;
  }
}

@media (max-width:768px) {
  .c3 {
    font-size: 4.0rem;
  }
}

<div>
  <div
    class="c0"
    color="navy"
    id=""
  >
    <div
      class="c1"
    >
      <div
        class="c2"
      >
        <h2
          class="c3"
        >
          My grid
        </h2>
        <p
          class="c4 c5"
        >
          Atue doloribus nobis laudantium esse ut, non commodi maxime distinctio veritatis unde
        </p>
        <button
          aria-label="Next Image"
          class="c6"
        >
          <svg
            aria-hidden="true"
            class="c7"
            fill="currentColor"
            focusable="false"
            viewBox="0 0 24 24"
            xmlns="http://www.w3.org/2000/svg"
          >
            <path
              d="M0 0h24v24H0V0z"
              fill="none"
            />
            <path
              d="M10 6L8.59 7.41 13.17 12l-4.58 4.59L10 18l6-6-6-6z"
            />
          </svg>
        </button>
        <button
          aria-label="Past Image"
          class="c8"
        >
          <svg
            aria-hidden="true"
            class="c7"
            fill="currentColor"
            focusable="false"
            viewBox="0 0 24 24"
            xmlns="http://www.w3.org/2000/svg"
          >
            <path
              d="M0 0h24v24H0V0z"
              fill="none"
            />
            <path
              d="M15.41 7.41L14 6l-6 6 6 6 1.41-1.41L10.83 12l4.58-4.59z"
            />
          </svg>
        </button>
        <div
          class="c9"
        >
          <div
            class="c10"
          >
            <img
              alt="Teste 1"
              class="c11"
              id="Teste 1"
              src="https://images.unsplash.com/photo-1643833728695-b3923431306d?crop=entropy&cs=tinysrgb&fit=crop&fm=jpg&h=800&ixid=MnwxfDB8MXxyYW5kb218MHx8fHx8fHx8MTY0NTIwMDY2Ng&ixlib=rb-1.2.1&q=80&w=800"
            />
          </div>
          <div
            class="c10"
          >
            <img
              alt="Teste 2"
              class="c11"
              id="Teste 2"
              src="https://images.unsplash.com/photo-1644027616320-b378fc57f78e?crop=entropy&cs=tinysrgb&fit=crop&fm=jpg&h=800&ixid=MnwxfDB8MXxyYW5kb218MHx8fHx8fHx8MTY0NTIwMDcxOQ&ixlib=rb-1.2.1&q=80&w=800"
            />
          </div>
          <div
            class="c10"
          >
            <img
              alt="Teste 3"
              class="c11"
              id="Teste 3"
              src="https://images.unsplash.com/photo-1643407997122-86f5534dcbd8?crop=entropy&cs=tinysrgb&fit=crop&fm=jpg&h=800&ixid=MnwxfDB8MXxyYW5kb218MHx8fHx8fHx8MTY0NTIwMDc0Ng&ixlib=rb-1.2.1&q=80&w=800"
            />
          </div>
          <div
            class="c10"
          >
            <img
              alt="Teste 4"
              class="c11"
              id="Teste 4"
              src="https://images.unsplash.com/photo-1644131575146-2312c50c97e9?crop=entropy&cs=tinysrgb&fit=crop&fm=jpg&h=800&ixid=MnwxfDB8MXxyYW5kb218MHx8fHx8fHx8MTY0NTIwMDc3OQ&ixlib=rb-1.2.1&q=80&w=800"
            />
          </div>
        </div>
      </div>
    </div>
  </div>
</div>
`;

exports[`<Carrousel /> should render without background and text color 1`] = `
.c5 {
  font-size: 2.4rem;
}

.c2 > .c4 {
  margin-bottom: 6.4rem;
}

.c9 {
  overflow: hidden;
  width: 61.75%;
  height: 50rem;
  white-space: nowrap;
  position: relative;
  left: 19.3%;
  padding: 0;
}

.c10 {
  display: -webkit-box;
  display: -webkit-flex;
  display: -ms-flexbox;
  display: flex;
  -webkit-flex-direction: column;
  -ms-flex-direction: column;
  flex-direction: column;
  overflow: hidden;
  width: 100%;
  -webkit-box-pack: center;
  -webkit-justify-content: center;
  -ms-flex-pack: center;
  justify-content: center;
  -webkit-align-items: center;
  -webkit-box-align: center;
  -ms-flex-align: center;
  align-items: center;
  overflow: hidden;
  opacity: 0;
  visibility: hidden;
  position: absolute;
  -webkit-transition: all 300ms linear;
  transition: all 300ms linear;
}

.c10:nth-of-type(1) {
  visibility: visible;
  opacity: 1;
  position: static;
  border: none;
}

.c11 {
  width: 100%;
  -webkit-transition: all 300ms ease-in-out;
  transition: all 300ms ease-in-out;
}

.c11:hover {
  -webkit-transform: scale(1.2) rotate(10deg);
  -ms-transform: scale(1.2) rotate(10deg);
  transform: scale(1.2) rotate(10deg);
}

.c8 {
  z-index: 4;
  width: 4rem;
  height: 4rem;
  background: #0A1128;
  color: #FFFFFF;
  border: 0.1rem solid #DDDDDD;
  opacity: 75%;
  position: absolute;
  top: 52rem;
  left: 12%;
}

.c8 > svg {
  width: 2.5rem;
  height: 2.5rem;
}

.c6 {
  z-index: 4;
  width: 4rem;
  height: 4rem;
  background: #0A1128;
  color: #FFFFFF;
  border: 0.1rem solid #DDDDDD;
  opacity: 75%;
  position: absolute;
  top: 52rem;
  right: 12%;
}

.c6 > svg {
  width: 2.5rem;
  height: 2.5rem;
}

.c1 {
  max-width: 120rem;
  margin: 0 auto;
  padding: 3.2rem;
  width: 100%;
}

.c0 {
  background: #FFFFFF;
  color: #0A1128;
  background: #FFFFFF;
  color: #0A1128;
  min-height: 100vh;
  display: -webkit-box;
  display: -webkit-flex;
  display: -ms-flexbox;
  display: flex;
  -webkit-align-items: center;
  -webkit-box-align: center;
  -ms-flex-align: center;
  align-items: center;
}

.c3 {
  color: inherit;
  font-size: 6.4rem;
  text-transform: uppercase;
}

.c7 {
  display: inline-block;
  vertical-align: middle;
  overflow: hidden;
}

@media (max-width:768px) {
  .c9 {
    width: 100%;
    left: 0%;
  }
}

@media (max-width:768px) {
  .c3 {
    font-size: 4.0rem;
  }
}

<div>
  <div
    class="c0"
    color="navy"
    id=""
  >
    <div
      class="c1"
    >
      <div
        class="c2"
      >
        <h2
          class="c3"
        >
          My grid
        </h2>
        <p
          class="c4 c5"
        >
          Atue doloribus nobis laudantium esse ut, non commodi maxime distinctio veritatis unde
        </p>
        <button
          aria-label="Next Image"
          class="c6"
        >
          <svg
            aria-hidden="true"
            class="c7"
            fill="currentColor"
            focusable="false"
            viewBox="0 0 24 24"
            xmlns="http://www.w3.org/2000/svg"
          >
            <path
              d="M0 0h24v24H0V0z"
              fill="none"
            />
            <path
              d="M10 6L8.59 7.41 13.17 12l-4.58 4.59L10 18l6-6-6-6z"
            />
          </svg>
        </button>
        <button
          aria-label="Past Image"
          class="c8"
        >
          <svg
            aria-hidden="true"
            class="c7"
            fill="currentColor"
            focusable="false"
            viewBox="0 0 24 24"
            xmlns="http://www.w3.org/2000/svg"
          >
            <path
              d="M0 0h24v24H0V0z"
              fill="none"
            />
            <path
              d="M15.41 7.41L14 6l-6 6 6 6 1.41-1.41L10.83 12l4.58-4.59z"
            />
          </svg>
        </button>
        <div
          class="c9"
        >
          <div
            class="c10"
          >
            <img
              alt="Teste 1"
              class="c11"
              id="Teste 1"
              src="https://images.unsplash.com/photo-1643833728695-b3923431306d?crop=entropy&cs=tinysrgb&fit=crop&fm=jpg&h=800&ixid=MnwxfDB8MXxyYW5kb218MHx8fHx8fHx8MTY0NTIwMDY2Ng&ixlib=rb-1.2.1&q=80&w=800"
            />
          </div>
          <div
            class="c10"
          >
            <img
              alt="Teste 2"
              class="c11"
              id="Teste 2"
              src="https://images.unsplash.com/photo-1644027616320-b378fc57f78e?crop=entropy&cs=tinysrgb&fit=crop&fm=jpg&h=800&ixid=MnwxfDB8MXxyYW5kb218MHx8fHx8fHx8MTY0NTIwMDcxOQ&ixlib=rb-1.2.1&q=80&w=800"
            />
          </div>
          <div
            class="c10"
          >
            <img
              alt="Teste 3"
              class="c11"
              id="Teste 3"
              src="https://images.unsplash.com/photo-1643407997122-86f5534dcbd8?crop=entropy&cs=tinysrgb&fit=crop&fm=jpg&h=800&ixid=MnwxfDB8MXxyYW5kb218MHx8fHx8fHx8MTY0NTIwMDc0Ng&ixlib=rb-1.2.1&q=80&w=800"
            />
          </div>
          <div
            class="c10"
          >
            <img
              alt="Teste 4"
              class="c11"
              id="Teste 4"
              src="https://images.unsplash.com/photo-1644131575146-2312c50c97e9?crop=entropy&cs=tinysrgb&fit=crop&fm=jpg&h=800&ixid=MnwxfDB8MXxyYW5kb218MHx8fHx8fHx8MTY0NTIwMDc3OQ&ixlib=rb-1.2.1&q=80&w=800"
            />
          </div>
        </div>
      </div>
    </div>
  </div>
</div>
`;
